Parsing cue sheet 'input.cue'...
done.
=== CUE IMAGE SUMMARY ===
Cue file : input.cue
*** Audio data ***
File name: audio.wav
File type: Microsoft Wave
Starts at: 00:00:02.000
Ends at  : 00:00:12.000
Length   : 00:00:10.000
*** PQ Listing ***
UPC/EAN: 
Trk Idx  Start Time         Track Length       ISRC          PRE DCP 4CH SCMS
--- ---  -----------------  -----------------  ------------  --- --- --- ----
 01  00  00:00:00 (     0)
 01  01  00:02:00 (   150)  00:10:00 (   750)                 N   N   N   N
--- ---  -----------------  -----------------  ------------  --- --- --- ----
End      00:12:00 (   900)
*** CD Text ***
Block 0:
  Title
    Disc : Disc
    Trk01: 
Writing DDP fileset...
Copying audio data
  from: audio.wav
  to:   out/IMAGE.DAT
  900 sectors written (2116800 bytes).
Writing SD file... 320 bytes written.
Writing DDPMS file... 256 bytes written.
Writing DDPID file... 128 bytes written.
Writing CDTEXT.BIN file... 72 bytes written.
Calculating checksums...
MD5 checksums written to "CHECKSUM.MD5".
CRC32 checksums written to "CHECKSUM.TXT".
Filename           MD5                               CRC32   
-----------------  --------------------------------  --------
DDPID              187970110683c92c25bdb82256354780  730DC92D
DDPMS              091d9da0c6aaee26a6c45cd3fe8b2eeb  4A92D265
CDTEXT.BIN         244f8d13968f528713348df1df1ae8fc  0C063BD7
SD                 efb6f54229b585f060c421277c8003e0  E90F165A
IMAGE.DAT          bcebec4d225e28c6899a24a4c5b968b3  5D3DE4A4
...done.
