Parsing cue sheet 'input.cue'...
done.
=== CUE IMAGE SUMMARY ===
Cue file : input.cue
*** Audio data ***
File name: audio.wav
File type: Microsoft Wave
Starts at: 00:00:02.000
Ends at  : 00:00:22.000
Length   : 00:00:20.000
*** PQ Listing ***
UPC/EAN: 0123456789012
Trk Idx  Start Time         Track Length       ISRC          PRE DCP 4CH SCMS
--- ---  -----------------  -----------------  ------------  --- --- --- ----
 01  00  00:00:00 (     0)
 01  01  00:02:00 (   150)  00:08:00 (   600)  USABC1111111   Y   N   N   N
 01  02  00:07:00 (   525)
 02  00  00:10:00 (   750)
 02  01  00:12:00 (   900)  00:10:00 (   750)                 N   Y   Y   N
--- ---  -----------------  -----------------  ------------  --- --- --- ----
End      00:22:00 (  1650)
*** CD Text ***
Block 0:
  Title
    Disc : Disc
    Trk01: One
    Trk02: Two
Writing DDP fileset...
Copying audio data
  from: audio.wav
  to:   out/IMAGE.DAT
  1650 sectors written (3880800 bytes).
Writing SD file... 512 bytes written.
Writing DDPMS file... 256 bytes written.
Writing DDPID file... 128 bytes written.
Writing CDTEXT.BIN file... 90 bytes written.
Writing IMAGE.cue file... 289 bytes written.
Calculating checksums...
MD5 checksums written to "CHECKSUM.MD5".
CRC32 checksums written to "CHECKSUM.TXT".
Filename           MD5                               CRC32   
-----------------  --------------------------------  --------
DDPID              dd89c874714f94418b20feea4d9b2ac6  7C7CF497
DDPMS              8cdd88389667f7fdb961eb3e11996f31  AA43B9E5
CDTEXT.BIN         665cfffec87796d5236091b226f63deb  9C07E6B8
SD                 2700efab3adbb14722d72bc321d9589a  1A4317B9
IMAGE.DAT          7b4dad7a5114569b4e25550ca6278dda  38107698
...done.
