Parsing cue sheet 'input.cue'...
done.
=== CUE IMAGE SUMMARY ===
Cue file : input.cue
*** Audio data ***
File name: audio.wav
File type: Microsoft Wave
Starts at: 00:00:02.000
Ends at  : 01:21:02.000
Length   : 01:21:00.000
*** PQ Listing ***
UPC/EAN: 
Trk Idx  Start Time         Track Length       ISRC          PRE DCP 4CH SCMS
--- ---  -----------------  -----------------  ------------  --- --- --- ----
 01  00  00:00:00 (     0)
 01  01  00:02:00 (   150)  79:00:00 (355500)                 N   N   N   N
 02  01  79:02:00 (355650)  02:00:00 (  9000)                 N   N   N   N
--- ---  -----------------  -----------------  ------------  --- --- --- ----
End      81:02:00 (364650)
Writing DDP fileset...
Copying audio data
  from: audio.wav
  to:   out/IMAGE.DAT
  364650 sectors written (857656800 bytes).
Writing SD file... 384 bytes written.
Writing DDPMS file... 256 bytes written.
Writing DDPID file... 128 bytes written.
Calculating checksums...
MD5 checksums written to "CHECKSUM.MD5".
CRC32 checksums written to "CHECKSUM.TXT".
Filename           MD5                               CRC32   
-----------------  --------------------------------  --------
DDPID              187970110683c92c25bdb82256354780  730DC92D
DDPMS              83875f64b740506ea7dc65c3bb76eac4  AABCA255
SD                 700b82c81f3e3e9bf462448db64e6e84  5A84CD75
IMAGE.DAT          e602bcb482ca2dcbcd20da36e622f44d  2A41C07D
...done.
