input.cue:1: warning: catalog number's check digit is wrong: 012345678905
Error: PQ list: UPC/EAN shorter than 13 digits ('012345678905')
Error: PQ data is not Red Book compatible
Parsing cue sheet 'input.cue'...
done.
=== CUE IMAGE SUMMARY ===
Cue file : input.cue
*** Audio data ***
File name: audio.wav
File type: Microsoft Wave
Starts at: 00:00:02.000
Ends at  : 00:00:12.000
Length   : 00:00:10.000
*** PQ Listing ***
UPC/EAN: 012345678905
Trk Idx  Start Time         Track Length       ISRC          PRE DCP 4CH SCMS
--- ---  -----------------  -----------------  ------------  --- --- --- ----
 01  00  00:00:00 (     0)
 01  01  00:02:00 (   150)  00:10:00 (   750)                 N   N   N   N
--- ---  -----------------  -----------------  ------------  --- --- --- ----
End      00:12:00 (   900)
