Parsing cue sheet 'input.cue'...
CD text file is: in.cdt
done.
=== CUE IMAGE SUMMARY ===
Cue file : input.cue
*** Audio data ***
File name: audio.wav
File type: Microsoft Wave
Starts at: 00:00:02.000
Ends at  : 00:00:22.000
Length   : 00:00:20.000
*** PQ Listing ***
UPC/EAN: 
Trk Idx  Start Time         Track Length       ISRC          PRE DCP 4CH SCMS
--- ---  -----------------  -----------------  ------------  --- --- --- ----
 01  00  00:00:00 (     0)
 01  01  00:02:00 (   150)  00:10:00 (   750)                 N   N   N   N
 02  01  00:12:00 (   900)  00:10:00 (   750)                 N   N   N   N
--- ---  -----------------  -----------------  ------------  --- --- --- ----
End      00:22:00 (  1650)
*** CD Text ***
CD Text file: in.cdt
Block 0:
  Language     : English
  Character set: ISO 8859-1 (Latin1)
  Tracks       : 1-2
  Title
    Disk  : Disc Title
    Trk 01: Track One
    Trk 02: Track Two
  Performer
    Disk  : Disc Performer
    Trk 01: Perf One
    Trk 02: Perf Two
  Songwriter
    Disk  : Disc Writer
    Trk 01: Writer One
Writing DDP fileset...
Copying audio data
  from: audio.wav
  to:   out/IMAGE.DAT
  1650 sectors written (3880800 bytes).
Writing SD file... 384 bytes written.
Writing DDPMS file... 256 bytes written.
Writing DDPID file... 128 bytes written.
Writing CDTEXT.BIN file (source: in.cdt)...
198 bytes written.
Calculating checksums...
MD5 checksums written to "CHECKSUM.MD5".
CRC32 checksums written to "CHECKSUM.TXT".
Filename           MD5                               CRC32   
-----------------  --------------------------------  --------
DDPID              187970110683c92c25bdb82256354780  730DC92D
DDPMS              7764f19ca0f898e45c666538e101fb20  059605B2
CDTEXT.BIN         7f2d2a75b6186e9f2fe08f3016b20a95  140E57C2
SD                 705ac1ddd23cde9d353cb4c70283318d  F2F41BFF
IMAGE.DAT          7b4dad7a5114569b4e25550ca6278dda  38107698
...done.
