Parsing cue sheet 'input.cue'...
done.
=== CUE IMAGE SUMMARY ===
Cue file : input.cue
*** Audio data ***
File name: audio.wav
File type: Microsoft Wave
Starts at: 00:00:00.000
Ends at  : 00:00:30.000
Length   : 00:00:30.000
*** PQ Listing ***
UPC/EAN: 
Trk Idx  Start Time         Track Length       ISRC          PRE DCP 4CH SCMS
--- ---  -----------------  -----------------  ------------  --- --- --- ----
 01  00  00:00:00 (     0)
 01  01  00:02:00 (   150)  00:08:00 (   600)                 N   N   N   N
 02  00  00:10:00 (   750)
 02  01  00:11:00 (   825)  00:09:00 (   675)                 N   N   N   N
 02  02  00:15:00 (  1125)
 03  00  00:20:00 (  1500)
 03  01  00:22:00 (  1650)  00:08:00 (   600)                 N   N   N   N
--- ---  -----------------  -----------------  ------------  --- --- --- ----
End      00:30:00 (  2250)
Writing DDP fileset...
Copying audio data
  from: audio.wav
  to:   out/IMAGE.DAT
  2250 sectors written (5292000 bytes).
Writing SD file... 640 bytes written.
Writing DDPMS file... 256 bytes written.
Writing DDPID file... 128 bytes written.
Calculating checksums...
MD5 checksums written to "CHECKSUM.MD5".
CRC32 checksums written to "CHECKSUM.TXT".
Filename           MD5                               CRC32   
-----------------  --------------------------------  --------
DDPID              187970110683c92c25bdb82256354780  730DC92D
DDPMS              7f773da844b9b1091352eab67fb9e670  9F2C90E1
SD                 2bec8bd934a93dbdfb982c209865b7d6  9E1F343B
IMAGE.DAT          16551afeac0b9d80e6d90af18c8a8d7e  96AC5AFF
...done.
