Parsing cue sheet 'input.cue'...
done.
=== CUE IMAGE SUMMARY ===
Cue file : input.cue
*** Audio data ***
File name: audio.wav
File type: Microsoft Wave
Starts at: 00:00:02.000
Ends at  : 00:00:22.000
Length   : 00:00:20.000
*** PQ Listing ***
UPC/EAN: 
Trk Idx  Start Time         Track Length       ISRC          PRE DCP 4CH SCMS
--- ---  -----------------  -----------------  ------------  --- --- --- ----
 01  00  00:00:00 (     0)
 01  01  00:02:00 (   150)  00:10:00 (   750)                 N   N   N   N
 02  01  00:12:00 (   900)  00:10:00 (   750)                 N   N   N   N
--- ---  -----------------  -----------------  ------------  --- --- --- ----
End      00:22:00 (  1650)
*** CD Text ***
Block 0:
  Performer
    Trk02: Only Two
Writing DDP fileset...
Copying audio data
  from: audio.wav
  to:   out/IMAGE.DAT
  1650 sectors written (3880800 bytes).
Writing SD file... 384 bytes written.
Writing DDPMS file... 256 bytes written.
Writing DDPID file... 128 bytes written.
Writing CDTEXT.BIN file... 72 bytes written.
Calculating checksums...
MD5 checksums written to "CHECKSUM.MD5".
CRC32 checksums written to "CHECKSUM.TXT".
Filename           MD5                               CRC32   
-----------------  --------------------------------  --------
DDPID              187970110683c92c25bdb82256354780  730DC92D
DDPMS              4bbda05dce08d2720260883d37495ab7  EA841C0F
CDTEXT.BIN         4de7ce3a033aebd5e7dbafb15ad5a33a  D85C8430
SD                 705ac1ddd23cde9d353cb4c70283318d  F2F41BFF
IMAGE.DAT          7b4dad7a5114569b4e25550ca6278dda  38107698
...done.
