Parsing cue sheet 'input.cue'...
done.
=== CUE IMAGE SUMMARY ===
Cue file : input.cue
*** Audio data ***
File name: audio.wav
File type: Microsoft Wave
Starts at: 00:00:02.000
Ends at  : 00:06:38.000
Length   : 00:06:36.000
*** PQ Listing ***
UPC/EAN: 
Trk Idx  Start Time         Track Length       ISRC          PRE DCP 4CH SCMS
--- ---  -----------------  -----------------  ------------  --- --- --- ----
 01  00  00:00:00 (     0)
 01  01  00:02:00 (   150)  00:04:00 (   300)                 N   N   N   N
 02  01  00:06:00 (   450)  00:04:00 (   300)                 N   N   N   N
 03  01  00:10:00 (   750)  00:04:00 (   300)                 N   N   N   N
 04  01  00:14:00 (  1050)  00:04:00 (   300)                 N   N   N   N
 05  01  00:18:00 (  1350)  00:04:00 (   300)                 N   N   N   N
 06  01  00:22:00 (  1650)  00:04:00 (   300)                 N   N   N   N
 07  01  00:26:00 (  1950)  00:04:00 (   300)                 N   N   N   N
 08  01  00:30:00 (  2250)  00:04:00 (   300)                 N   N   N   N
 09  01  00:34:00 (  2550)  00:04:00 (   300)                 N   N   N   N
 10  01  00:38:00 (  2850)  00:04:00 (   300)                 N   N   N   N
 11  01  00:42:00 (  3150)  00:04:00 (   300)                 N   N   N   N
 12  01  00:46:00 (  3450)  00:04:00 (   300)                 N   N   N   N
 13  01  00:50:00 (  3750)  00:04:00 (   300)                 N   N   N   N
 14  01  00:54:00 (  4050)  00:04:00 (   300)                 N   N   N   N
 15  01  00:58:00 (  4350)  00:04:00 (   300)                 N   N   N   N
 16  01  01:02:00 (  4650)  00:04:00 (   300)                 N   N   N   N
 17  01  01:06:00 (  4950)  00:04:00 (   300)                 N   N   N   N
 18  01  01:10:00 (  5250)  00:04:00 (   300)                 N   N   N   N
 19  01  01:14:00 (  5550)  00:04:00 (   300)                 N   N   N   N
 20  01  01:18:00 (  5850)  00:04:00 (   300)                 N   N   N   N
 21  01  01:22:00 (  6150)  00:04:00 (   300)                 N   N   N   N
 22  01  01:26:00 (  6450)  00:04:00 (   300)                 N   N   N   N
 23  01  01:30:00 (  6750)  00:04:00 (   300)                 N   N   N   N
 24  01  01:34:00 (  7050)  00:04:00 (   300)                 N   N   N   N
 25  01  01:38:00 (  7350)  00:04:00 (   300)                 N   N   N   N
 26  01  01:42:00 (  7650)  00:04:00 (   300)                 N   N   N   N
 27  01  01:46:00 (  7950)  00:04:00 (   300)                 N   N   N   N
 28  01  01:50:00 (  8250)  00:04:00 (   300)                 N   N   N   N
 29  01  01:54:00 (  8550)  00:04:00 (   300)                 N   N   N   N
 30  01  01:58:00 (  8850)  00:04:00 (   300)                 N   N   N   N
 31  01  02:02:00 (  9150)  00:04:00 (   300)                 N   N   N   N
 32  01  02:06:00 (  9450)  00:04:00 (   300)                 N   N   N   N
 33  01  02:10:00 (  9750)  00:04:00 (   300)                 N   N   N   N
 34  01  02:14:00 ( 10050)  00:04:00 (   300)                 N   N   N   N
 35  01  02:18:00 ( 10350)  00:04:00 (   300)                 N   N   N   N
 36  01  02:22:00 ( 10650)  00:04:00 (   300)                 N   N   N   N
 37  01  02:26:00 ( 10950)  00:04:00 (   300)                 N   N   N   N
 38  01  02:30:00 ( 11250)  00:04:00 (   300)                 N   N   N   N
 39  01  02:34:00 ( 11550)  00:04:00 (   300)                 N   N   N   N
 40  01  02:38:00 ( 11850)  00:04:00 (   300)                 N   N   N   N
 41  01  02:42:00 ( 12150)  00:04:00 (   300)                 N   N   N   N
 42  01  02:46:00 ( 12450)  00:04:00 (   300)                 N   N   N   N
 43  01  02:50:00 ( 12750)  00:04:00 (   300)                 N   N   N   N
 44  01  02:54:00 ( 13050)  00:04:00 (   300)                 N   N   N   N
 45  01  02:58:00 ( 13350)  00:04:00 (   300)                 N   N   N   N
 46  01  03:02:00 ( 13650)  00:04:00 (   300)                 N   N   N   N
 47  01  03:06:00 ( 13950)  00:04:00 (   300)                 N   N   N   N
 48  01  03:10:00 ( 14250)  00:04:00 (   300)                 N   N   N   N
 49  01  03:14:00 ( 14550)  00:04:00 (   300)                 N   N   N   N
 50  01  03:18:00 ( 14850)  00:04:00 (   300)                 N   N   N   N
 51  01  03:22:00 ( 15150)  00:04:00 (   300)                 N   N   N   N
 52  01  03:26:00 ( 15450)  00:04:00 (   300)                 N   N   N   N
 53  01  03:30:00 ( 15750)  00:04:00 (   300)                 N   N   N   N
 54  01  03:34:00 ( 16050)  00:04:00 (   300)                 N   N   N   N
 55  01  03:38:00 ( 16350)  00:04:00 (   300)                 N   N   N   N
 56  01  03:42:00 ( 16650)  00:04:00 (   300)                 N   N   N   N
 57  01  03:46:00 ( 16950)  00:04:00 (   300)                 N   N   N   N
 58  01  03:50:00 ( 17250)  00:04:00 (   300)                 N   N   N   N
 59  01  03:54:00 ( 17550)  00:04:00 (   300)                 N   N   N   N
 60  01  03:58:00 ( 17850)  00:04:00 (   300)                 N   N   N   N
 61  01  04:02:00 ( 18150)  00:04:00 (   300)                 N   N   N   N
 62  01  04:06:00 ( 18450)  00:04:00 (   300)                 N   N   N   N
 63  01  04:10:00 ( 18750)  00:04:00 (   300)                 N   N   N   N
 64  01  04:14:00 ( 19050)  00:04:00 (   300)                 N   N   N   N
 65  01  04:18:00 ( 19350)  00:04:00 (   300)                 N   N   N   N
 66  01  04:22:00 ( 19650)  00:04:00 (   300)                 N   N   N   N
 67  01  04:26:00 ( 19950)  00:04:00 (   300)                 N   N   N   N
 68  01  04:30:00 ( 20250)  00:04:00 (   300)                 N   N   N   N
 69  01  04:34:00 ( 20550)  00:04:00 (   300)                 N   N   N   N
 70  01  04:38:00 ( 20850)  00:04:00 (   300)                 N   N   N   N
 71  01  04:42:00 ( 21150)  00:04:00 (   300)                 N   N   N   N
 72  01  04:46:00 ( 21450)  00:04:00 (   300)                 N   N   N   N
 73  01  04:50:00 ( 21750)  00:04:00 (   300)                 N   N   N   N
 74  01  04:54:00 ( 22050)  00:04:00 (   300)                 N   N   N   N
 75  01  04:58:00 ( 22350)  00:04:00 (   300)                 N   N   N   N
 76  01  05:02:00 ( 22650)  00:04:00 (   300)                 N   N   N   N
 77  01  05:06:00 ( 22950)  00:04:00 (   300)                 N   N   N   N
 78  01  05:10:00 ( 23250)  00:04:00 (   300)                 N   N   N   N
 79  01  05:14:00 ( 23550)  00:04:00 (   300)                 N   N   N   N
 80  01  05:18:00 ( 23850)  00:04:00 (   300)                 N   N   N   N
 81  01  05:22:00 ( 24150)  00:04:00 (   300)                 N   N   N   N
 82  01  05:26:00 ( 24450)  00:04:00 (   300)                 N   N   N   N
 83  01  05:30:00 ( 24750)  00:04:00 (   300)                 N   N   N   N
 84  01  05:34:00 ( 25050)  00:04:00 (   300)                 N   N   N   N
 85  01  05:38:00 ( 25350)  00:04:00 (   300)                 N   N   N   N
 86  01  05:42:00 ( 25650)  00:04:00 (   300)                 N   N   N   N
 87  01  05:46:00 ( 25950)  00:04:00 (   300)                 N   N   N   N
 88  01  05:50:00 ( 26250)  00:04:00 (   300)                 N   N   N   N
 89  01  05:54:00 ( 26550)  00:04:00 (   300)                 N   N   N   N
 90  01  05:58:00 ( 26850)  00:04:00 (   300)                 N   N   N   N
 91  01  06:02:00 ( 27150)  00:04:00 (   300)                 N   N   N   N
 92  01  06:06:00 ( 27450)  00:04:00 (   300)                 N   N   N   N
 93  01  06:10:00 ( 27750)  00:04:00 (   300)                 N   N   N   N
 94  01  06:14:00 ( 28050)  00:04:00 (   300)                 N   N   N   N
 95  01  06:18:00 ( 28350)  00:04:00 (   300)                 N   N   N   N
 96  01  06:22:00 ( 28650)  00:04:00 (   300)                 N   N   N   N
 97  01  06:26:00 ( 28950)  00:04:00 (   300)                 N   N   N   N
 98  01  06:30:00 ( 29250)  00:04:00 (   300)                 N   N   N   N
 99  01  06:34:00 ( 29550)  00:04:00 (   300)                 N   N   N   N
--- ---  -----------------  -----------------  ------------  --- --- --- ----
End      06:38:00 ( 29850)
Writing DDP fileset...
Copying audio data
  from: audio.wav
  to:   out/IMAGE.DAT
  29850 sectors written (70207200 bytes).
Writing SD file... 6592 bytes written.
Writing DDPMS file... 256 bytes written.
Writing DDPID file... 128 bytes written.
Calculating checksums...
MD5 checksums written to "CHECKSUM.MD5".
CRC32 checksums written to "CHECKSUM.TXT".
Filename           MD5                               CRC32   
-----------------  --------------------------------  --------
DDPID              187970110683c92c25bdb82256354780  730DC92D
DDPMS              d9aa94fdd3eb800807bcd8f360b522a1  4CE5C551
SD                 c56cf58383f40e9d0aa2c047580d57db  80B6637B
IMAGE.DAT          af28fd7d4ffe161aebc94229d2a9b1fa  AEEF0857
...done.
