Error: PQ list: first track's pregap shorter than 2 seconds (75 frames)
Error: PQ data is not Red Book compatible
Parsing cue sheet 'input.cue'...
done.
=== CUE IMAGE SUMMARY ===
Cue file : input.cue
*** Audio data ***
File name: audio.wav
File type: Microsoft Wave
Starts at: 00:00:00.000
Ends at  : 00:00:10.000
Length   : 00:00:10.000
*** PQ Listing ***
UPC/EAN: 
Trk Idx  Start Time         Track Length       ISRC          PRE DCP 4CH SCMS
--- ---  -----------------  -----------------  ------------  --- --- --- ----
 01  00  00:00:00 (     0)
 01  01  00:01:00 (    75)  00:09:00 (   675)                 N   N   N   N
--- ---  -----------------  -----------------  ------------  --- --- --- ----
End      00:10:00 (   750)
