Parsing cue sheet 'input.cue'...
done.
=== CUE IMAGE SUMMARY ===
Cue file : input.cue
*** Audio data ***
File name: audio.wav
File type: Microsoft Wave
Starts at: 00:00:02.000
Ends at  : 00:00:12.000
Length   : 00:00:10.000
*** PQ Listing ***
UPC/EAN: 
Trk Idx  Start Time         Track Length       ISRC          PRE DCP 4CH SCMS
--- ---  -----------------  -----------------  ------------  --- --- --- ----
 01  00  00:00:00 (     0)
 01  01  00:02:00 (   150)  00:10:00 (   750)                 N   N   N   N
 01  02  00:02:10 (   160)
 01  03  00:02:15 (   165)
 01  04  00:02:20 (   170)
 01  05  00:02:25 (   175)
 01  06  00:02:30 (   180)
 01  07  00:02:35 (   185)
 01  08  00:02:40 (   190)
 01  09  00:02:45 (   195)
 01  10  00:02:50 (   200)
 01  11  00:02:55 (   205)
 01  12  00:02:60 (   210)
 01  13  00:02:65 (   215)
 01  14  00:02:70 (   220)
 01  15  00:03:00 (   225)
 01  16  00:03:05 (   230)
 01  17  00:03:10 (   235)
 01  18  00:03:15 (   240)
 01  19  00:03:20 (   245)
 01  20  00:03:25 (   250)
 01  21  00:03:30 (   255)
 01  22  00:03:35 (   260)
 01  23  00:03:40 (   265)
 01  24  00:03:45 (   270)
 01  25  00:03:50 (   275)
 01  26  00:03:55 (   280)
 01  27  00:03:60 (   285)
 01  28  00:03:65 (   290)
 01  29  00:03:70 (   295)
 01  30  00:04:00 (   300)
 01  31  00:04:05 (   305)
 01  32  00:04:10 (   310)
 01  33  00:04:15 (   315)
 01  34  00:04:20 (   320)
 01  35  00:04:25 (   325)
 01  36  00:04:30 (   330)
 01  37  00:04:35 (   335)
 01  38  00:04:40 (   340)
 01  39  00:04:45 (   345)
 01  40  00:04:50 (   350)
 01  41  00:04:55 (   355)
 01  42  00:04:60 (   360)
 01  43  00:04:65 (   365)
 01  44  00:04:70 (   370)
 01  45  00:05:00 (   375)
 01  46  00:05:05 (   380)
 01  47  00:05:10 (   385)
 01  48  00:05:15 (   390)
 01  49  00:05:20 (   395)
 01  50  00:05:25 (   400)
 01  51  00:05:30 (   405)
 01  52  00:05:35 (   410)
 01  53  00:05:40 (   415)
 01  54  00:05:45 (   420)
 01  55  00:05:50 (   425)
 01  56  00:05:55 (   430)
 01  57  00:05:60 (   435)
 01  58  00:05:65 (   440)
 01  59  00:05:70 (   445)
 01  60  00:06:00 (   450)
 01  61  00:06:05 (   455)
 01  62  00:06:10 (   460)
 01  63  00:06:15 (   465)
 01  64  00:06:20 (   470)
 01  65  00:06:25 (   475)
 01  66  00:06:30 (   480)
 01  67  00:06:35 (   485)
 01  68  00:06:40 (   490)
 01  69  00:06:45 (   495)
 01  70  00:06:50 (   500)
 01  71  00:06:55 (   505)
 01  72  00:06:60 (   510)
 01  73  00:06:65 (   515)
 01  74  00:06:70 (   520)
 01  75  00:07:00 (   525)
 01  76  00:07:05 (   530)
 01  77  00:07:10 (   535)
 01  78  00:07:15 (   540)
 01  79  00:07:20 (   545)
 01  80  00:07:25 (   550)
 01  81  00:07:30 (   555)
 01  82  00:07:35 (   560)
 01  83  00:07:40 (   565)
 01  84  00:07:45 (   570)
 01  85  00:07:50 (   575)
 01  86  00:07:55 (   580)
 01  87  00:07:60 (   585)
 01  88  00:07:65 (   590)
 01  89  00:07:70 (   595)
 01  90  00:08:00 (   600)
 01  91  00:08:05 (   605)
 01  92  00:08:10 (   610)
 01  93  00:08:15 (   615)
 01  94  00:08:20 (   620)
 01  95  00:08:25 (   625)
 01  96  00:08:30 (   630)
 01  97  00:08:35 (   635)
 01  98  00:08:40 (   640)
 01  99  00:08:45 (   645)
--- ---  -----------------  -----------------  ------------  --- --- --- ----
End      00:12:00 (   900)
Writing DDP fileset...
Copying audio data
  from: audio.wav
  to:   out/IMAGE.DAT
  900 sectors written (2116800 bytes).
Writing SD file... 6592 bytes written.
Writing DDPMS file... 256 bytes written.
Writing DDPID file... 128 bytes written.
Calculating checksums...
MD5 checksums written to "CHECKSUM.MD5".
CRC32 checksums written to "CHECKSUM.TXT".
Filename           MD5                               CRC32   
-----------------  --------------------------------  --------
DDPID              187970110683c92c25bdb82256354780  730DC92D
DDPMS              b66a126088f7fb975ce78fb542a0a27c  6B04E8B6
SD                 942e5791fc2f6b78f77159da8af0130a  B960A0F6
IMAGE.DAT          bcebec4d225e28c6899a24a4c5b968b3  5D3DE4A4
...done.
