input.cue:1: warning: catalog number's check digit is wrong: 0123456789013
Parsing cue sheet 'input.cue'...
done.
=== CUE IMAGE SUMMARY ===
Cue file : input.cue
*** Audio data ***
File name: audio.wav
File type: Microsoft Wave
Starts at: 00:00:02.000
Ends at  : 00:00:12.000
Length   : 00:00:10.000
*** PQ Listing ***
UPC/EAN: 0123456789013
Trk Idx  Start Time         Track Length       ISRC          PRE DCP 4CH SCMS
--- ---  -----------------  -----------------  ------------  --- --- --- ----
 01  00  00:00:00 (     0)
 01  01  00:02:00 (   150)  00:10:00 (   750)                 N   N   N   N
--- ---  -----------------  -----------------  ------------  --- --- --- ----
End      00:12:00 (   900)
Writing DDP fileset...
Copying audio data
  from: audio.wav
  to:   out/IMAGE.DAT
  900 sectors written (2116800 bytes).
Writing SD file... 320 bytes written.
Writing DDPMS file... 256 bytes written.
Writing DDPID file... 128 bytes written.
Calculating checksums...
MD5 checksums written to "CHECKSUM.MD5".
CRC32 checksums written to "CHECKSUM.TXT".
Filename           MD5                               CRC32   
-----------------  --------------------------------  --------
DDPID              6b1f86e80395bf53c32c1e7397bceb8e  BA36342F
DDPMS              4ddcd3c75e054c6685453524a0973a1a  EA0D5627
SD                 e84aa0eb7a68784286413ee668e9037f  211E0277
IMAGE.DAT          bcebec4d225e28c6899a24a4c5b968b3  5D3DE4A4
...done.
