input.cue:4: warning: command ignored: 'COMPOSER'
input.cue:5: warning: command ignored: 'ARRANGER'
input.cue:6: warning: command ignored: 'MESSAGE'
input.cue:10: warning: command ignored: 'COMPOSER'
input.cue:11: warning: command ignored: 'ARRANGER'
input.cue:12: warning: command ignored: 'MESSAGE'
input.cue:17: warning: command ignored: 'COMPOSER'
Parsing cue sheet 'input.cue'...
done.
=== CUE IMAGE SUMMARY ===
Cue file : input.cue
*** Audio data ***
File name: audio.wav
File type: Microsoft Wave
Starts at: 00:00:02.000
Ends at  : 00:00:22.000
Length   : 00:00:20.000
*** PQ Listing ***
UPC/EAN: 
Trk Idx  Start Time         Track Length       ISRC          PRE DCP 4CH SCMS
--- ---  -----------------  -----------------  ------------  --- --- --- ----
 01  00  00:00:00 (     0)
 01  01  00:02:00 (   150)  00:10:00 (   750)                 N   N   N   N
 02  01  00:12:00 (   900)  00:10:00 (   750)                 N   N   N   N
--- ---  -----------------  -----------------  ------------  --- --- --- ----
End      00:22:00 (  1650)
*** CD Text ***
Block 0:
  Title
    Disc : Disc Title
    Trk01: One
    Trk02: Two
  Performer
    Disc : Disc Performer
    Trk02: Performer Two
  Songwriter
    Disc : Disc Songwriter
Writing DDP fileset...
Copying audio data
  from: audio.wav
  to:   out/IMAGE.DAT
  1650 sectors written (3880800 bytes).
Writing SD file... 384 bytes written.
Writing DDPMS file... 256 bytes written.
Writing DDPID file... 128 bytes written.
Writing CDTEXT.BIN file... 180 bytes written.
Calculating checksums...
MD5 checksums written to "CHECKSUM.MD5".
CRC32 checksums written to "CHECKSUM.TXT".
Filename           MD5                               CRC32   
-----------------  --------------------------------  --------
DDPID              187970110683c92c25bdb82256354780  730DC92D
DDPMS              93d5770d0f172173395a6cd6a613bffe  C89377F9
CDTEXT.BIN         ec0864c13b2b20206f534c9eff452675  84F0AD8F
SD                 705ac1ddd23cde9d353cb4c70283318d  F2F41BFF
IMAGE.DAT          7b4dad7a5114569b4e25550ca6278dda  38107698
...done.
