Parsing cue sheet 'input.cue'...
done.
=== CUE IMAGE SUMMARY ===
Cue file : input.cue
*** Audio data ***
File name: audio.wav
File type: Microsoft Wave
Starts at: 00:00:00.000
Ends at  : 00:00:10.000
Length   : 00:00:10.000
*** PQ Listing ***
UPC/EAN: 
Trk Idx  Start Time         Track Length       ISRC          PRE DCP 4CH SCMS
--- ---  -----------------  -----------------  ------------  --- --- --- ----
 01  00  00:00:00 (     0)
 01  01  00:03:00 (   225)  00:07:00 (   525)                 N   N   N   N
--- ---  -----------------  -----------------  ------------  --- --- --- ----
End      00:10:00 (   750)
Writing DDP fileset...
Copying audio data
  from: audio.wav
  to:   out/IMAGE.DAT
  750 sectors written (1764000 bytes).
Writing SD file... 320 bytes written.
Writing DDPMS file... 256 bytes written.
Writing DDPID file... 128 bytes written.
Calculating checksums...
MD5 checksums written to "CHECKSUM.MD5".
CRC32 checksums written to "CHECKSUM.TXT".
Filename           MD5                               CRC32   
-----------------  --------------------------------  --------
DDPID              187970110683c92c25bdb82256354780  730DC92D
DDPMS              33271a39835f8d735b7e02f8a9d8823f  B19B0025
SD                 87cb4e54c49bf4f79a8216aec39da777  2AE8F152
IMAGE.DAT          2f7a0d68e4be5408bb7bf6448f64823a  0ED64515
...done.
