Parsing cue sheet 'input.cue'...
done.
=== CUE IMAGE SUMMARY ===
Cue file : input.cue
*** Audio data ***
File name: audio.wav
File type: Microsoft Wave
Starts at: 00:00:02.000
Ends at  : 00:00:22.000
Length   : 00:00:20.000
*** PQ Listing ***
UPC/EAN: 
Trk Idx  Start Time         Track Length       ISRC          PRE DCP 4CH SCMS
--- ---  -----------------  -----------------  ------------  --- --- --- ----
 01  00  00:00:00 (     0)
 01  01  00:02:00 (   150)  00:08:00 (   600)                 N   N   N   N
 02  00  00:10:00 (   750)
 02  01  00:12:00 (   900)  00:10:00 (   750)                 N   N   N   N
--- ---  -----------------  -----------------  ------------  --- --- --- ----
End      00:22:00 (  1650)
Writing DDP fileset...
Copying audio data
  from: audio.wav
  to:   out/IMAGE.DAT
  1650 sectors written (3880800 bytes).
Writing SD file... 448 bytes written.
Writing DDPMS file... 256 bytes written.
Writing DDPID file... 128 bytes written.
Calculating checksums...
MD5 checksums written to "CHECKSUM.MD5".
CRC32 checksums written to "CHECKSUM.TXT".
Filename           MD5                               CRC32   
-----------------  --------------------------------  --------
DDPID              187970110683c92c25bdb82256354780  730DC92D
DDPMS              786f12e522c55f9d6c81e24871d4d79f  2FA79A23
SD                 b48acb2e5a9748fce02ec99a161bb687  BC6CA96C
IMAGE.DAT          7b4dad7a5114569b4e25550ca6278dda  38107698
...done.
